<?xml version="1.0" encoding="UTF-8"?>
<FeatureCollection xmlns:gml="http://www.opengis.net/gml">
 <gml:boundedBy>
  <gml:Box>
   <gml:coord>
    <gml:X>-13228.456753</gml:X>
    <gml:Y>-55461.886204</gml:Y>
   </gml:coord>
   <gml:coord>
    <gml:X>-7551.383520</gml:X>
    <gml:Y>-46212.134387</gml:Y>
   </gml:coord>
  </gml:Box>
 </gml:boundedBy>
 <gml:featureMember>
  <RoadLink>
   <gml:geometryProperty>
    <gml:LineString><gml:coordinates>-11178.713929,-51127.3582 -11240.947082,-51109.789681</gml:coordinates></gml:LineString>
   </gml:geometryProperty>
   <id>
    2144
   </id>
   <representativePoint>
    <gml:Point><gml:coordinates>-11178.713929,-51127.3582</gml:coordinates></gml:Point>
   </representativePoint>
   <nodeList>
    <beginId>
     8524
    </beginId>
    <endId>
     8261
    </endId>
   </nodeList>
   <roadWidth>
    3
   </roadWidth>
   <nLanes>
    1
   </nLanes>
   <direction>
    true
   </direction>
  </RoadLink>
 </gml:featureMember>
 <gml:featureMember>
  <RoadLink>
   <gml:geometryProperty>
    <gml:LineString><gml:coordinates>-11144.007427,-51030.921907 -11144.747692,-51069.851366</gml:coordinates></gml:LineString>
   </gml:geometryProperty>
   <id>
    2288
   </id>
   <representativePoint>
    <gml:Point><gml:coordinates>-11144.007427,-51030.921907</gml:coordinates></gml:Point>
   </representativePoint>
   <nodeList>
    <beginId>
     8677
    </beginId>
    <endId>
     8671
    </endId>
   </nodeList>
   <roadWidth>
    3
   </roadWidth>
   <nLanes>
    1
   </nLanes>
   <direction>
    true
   </direction>
  </RoadLink>
 </gml:featureMember>
 <gml:featureMember>
  <RoadLink>
   <gml:geometryProperty>
    <gml:LineString><gml:coordinates>-10961.48356,-51103.930527 -11026.48803,-51089.745352</gml:coordinates></gml:LineString>
   </gml:geometryProperty>
   <id>
    2143
   </id>
   <representativePoint>
    <gml:Point><gml:coordinates>-10961.48356,-51103.930527</gml:coordinates></gml:Point>
   </representativePoint>
   <nodeList>
    <beginId>
     9504
    </beginId>
    <endId>
     9172
    </endId>
   </nodeList>
   <roadWidth>
    3
   </roadWidth>
   <nLanes>
    1
   </nLanes>
   <direction>
    true
   </direction>
  </RoadLink>
 </gml:featureMember>
 <gml:featureMember>
  <RoadLink>
   <gml:geometryProperty>
    <gml:LineString><gml:coordinates>-11048.031816,-51170.964746 -11054.271319,-51182.241197</gml:coordinates></gml:LineString>
   </gml:geometryProperty>
   <id>
    2328
   </id>
   <representativePoint>
    <gml:Point><gml:coordinates>-11048.031816,-51170.964746</gml:coordinates></gml:Point>
   </representativePoint>
   <nodeList>
    <beginId>
     9087
    </beginId>
    <endId>
     9064
    </endId>
   </nodeList>
   <roadWidth>
    3
   </roadWidth>
   <nLanes>
    1
   </nLanes>
   <direction>
    true
   </direction>
  </RoadLink>
 </gml:featureMember>
 <gml:featureMember>
  <RoadLink>
   <gml:geometryProperty>
    <gml:LineString><gml:coordinates>-11054.271319,-51182.241197 -11064.675181,-51204.796654</gml:coordinates></gml:LineString>
   </gml:geometryProperty>
   <id>
    2329
   </id>
   <representativePoint>
    <gml:Point><gml:coordinates>-11054.271319,-51182.241197</gml:coordinates></gml:Point>
   </representativePoint>
   <nodeList>
    <beginId>
     9064
    </beginId>
    <endId>
     9032
    </endId>
   </nodeList>
   <roadWidth>
    3
   </roadWidth>
   <nLanes>
    1
   </nLanes>
   <direction>
    true
   </direction>
  </RoadLink>
 </gml:featureMember>
 <gml:featureMember>
  <RoadLink>
   <gml:geometryProperty>
    <gml:LineString><gml:coordinates>-10938.099661,-51213.979794 -11014.149696,-51181.162316</gml:coordinates></gml:LineString>
   </gml:geometryProperty>
   <id>
    2456
   </id>
   <representativePoint>
    <gml:Point><gml:coordinates>-10938.099661,-51213.979794</gml:coordinates></gml:Point>
   </representativePoint>
   <nodeList>
    <beginId>
     9613
    </beginId>
    <endId>
     9235
    </endId>
   </nodeList>
   <roadWidth>
    3
   </roadWidth>
   <nLanes>
    1
   </nLanes>
   <direction>
    true
   </direction>
  </RoadLink>
 </gml:featureMember>
 <gml:featureMember>
  <RoadLink>
   <gml:geometryProperty>
    <gml:LineString><gml:coordinates>-11014.149696,-51181.162316 -11048.031816,-51170.964746</gml:coordinates></gml:LineString>
   </gml:geometryProperty>
   <id>
    2457
   </id>
   <representativePoint>
    <gml:Point><gml:coordinates>-11014.149696,-51181.162316</gml:coordinates></gml:Point>
   </representativePoint>
   <nodeList>
    <beginId>
     9235
    </beginId>
    <endId>
     9087
    </endId>
   </nodeList>
   <roadWidth>
    3
   </roadWidth>
   <nLanes>
    1
   </nLanes>
   <direction>
    true
   </direction>
  </RoadLink>
 </gml:featureMember>
 <gml:featureMember>
  <RoadLink>
   <gml:geometryProperty>
    <gml:LineString><gml:coordinates>-11213.224379,-51066.944668 -11176.565376,-51068.683214</gml:coordinates></gml:LineString>
   </gml:geometryProperty>
   <id>
    3096
   </id>
   <representativePoint>
    <gml:Point><gml:coordinates>-11213.224379,-51066.944668</gml:coordinates></gml:Point>
   </representativePoint>
   <nodeList>
    <beginId>
     8387
    </beginId>
    <endId>
     8532
    </endId>
   </nodeList>
   <roadWidth>
    3
   </roadWidth>
   <nLanes>
    1
   </nLanes>
   <direction>
    true
   </direction>
  </RoadLink>
 </gml:featureMember>
 <gml:featureMember>
  <RoadLink>
   <gml:geometryProperty>
    <gml:LineString><gml:coordinates>-11176.565376,-51068.683214 -11144.747692,-51069.851366</gml:coordinates></gml:LineString>
   </gml:geometryProperty>
   <id>
    3097
   </id>
   <representativePoint>
    <gml:Point><gml:coordinates>-11176.565376,-51068.683214</gml:coordinates></gml:Point>
   </representativePoint>
   <nodeList>
    <beginId>
     8532
    </beginId>
    <endId>
     8671
    </endId>
   </nodeList>
   <roadWidth>
    3
   </roadWidth>
   <nLanes>
    1
   </nLanes>
   <direction>
    true
   </direction>
  </RoadLink>
 </gml:featureMember>
 <gml:featureMember>
  <RoadLink>
   <gml:geometryProperty>
    <gml:LineString><gml:coordinates>-11144.747692,-51069.851366 -11106.707329,-51073.283974</gml:coordinates></gml:LineString>
   </gml:geometryProperty>
   <id>
    3098
   </id>
   <representativePoint>
    <gml:Point><gml:coordinates>-11144.747692,-51069.851366</gml:coordinates></gml:Point>
   </representativePoint>
   <nodeList>
    <beginId>
     8671
    </beginId>
    <endId>
     8842
    </endId>
   </nodeList>
   <roadWidth>
    3
   </roadWidth>
   <nLanes>
    1
   </nLanes>
   <direction>
    true
   </direction>
  </RoadLink>
 </gml:featureMember>
 <gml:featureMember>
  <RoadLink>
   <gml:geometryProperty>
    <gml:LineString><gml:coordinates>-10978.740569,-51074.57051 -11019.537427,-51062.671923</gml:coordinates></gml:LineString>
   </gml:geometryProperty>
   <id>
    3446
   </id>
   <representativePoint>
    <gml:Point><gml:coordinates>-10978.740569,-51074.57051</gml:coordinates></gml:Point>
   </representativePoint>
   <nodeList>
    <beginId>
     9422
    </beginId>
    <endId>
     9210
    </endId>
   </nodeList>
   <roadWidth>
    3
   </roadWidth>
   <nLanes>
    1
   </nLanes>
   <direction>
    true
   </direction>
  </RoadLink>
 </gml:featureMember>
 <gml:featureMember>
  <RoadLink>
   <gml:geometryProperty>
    <gml:LineString><gml:coordinates>-11048.031816,-51170.964746 -11032.742773,-51113.434384</gml:coordinates></gml:LineString>
   </gml:geometryProperty>
   <id>
    3447
   </id>
   <representativePoint>
    <gml:Point><gml:coordinates>-11048.031816,-51170.964746</gml:coordinates></gml:Point>
   </representativePoint>
   <nodeList>
    <beginId>
     9087
    </beginId>
    <endId>
     9141
    </endId>
   </nodeList>
   <roadWidth>
    3
   </roadWidth>
   <nLanes>
    1
   </nLanes>
   <direction>
    true
   </direction>
  </RoadLink>
 </gml:featureMember>
 <gml:featureMember>
  <RoadLink>
   <gml:geometryProperty>
    <gml:LineString><gml:coordinates>-11032.742773,-51113.434384 -11026.48803,-51089.745352</gml:coordinates></gml:LineString>
   </gml:geometryProperty>
   <id>
    3448
   </id>
   <representativePoint>
    <gml:Point><gml:coordinates>-11032.742773,-51113.434384</gml:coordinates></gml:Point>
   </representativePoint>
   <nodeList>
    <beginId>
     9141
    </beginId>
    <endId>
     9172
    </endId>
   </nodeList>
   <roadWidth>
    3
   </roadWidth>
   <nLanes>
    1
   </nLanes>
   <direction>
    true
   </direction>
  </RoadLink>
 </gml:featureMember>
 <gml:featureMember>
  <RoadLink>
   <gml:geometryProperty>
    <gml:LineString><gml:coordinates>-11026.48803,-51089.745352 -11019.537427,-51062.671923</gml:coordinates></gml:LineString>
   </gml:geometryProperty>
   <id>
    3449
   </id>
   <representativePoint>
    <gml:Point><gml:coordinates>-11026.48803,-51089.745352</gml:coordinates></gml:Point>
   </representativePoint>
   <nodeList>
    <beginId>
     9172
    </beginId>
    <endId>
     9210
    </endId>
   </nodeList>
   <roadWidth>
    3
   </roadWidth>
   <nLanes>
    1
   </nLanes>
   <direction>
    true
   </direction>
  </RoadLink>
 </gml:featureMember>
 <gml:featureMember>
  <RoadLink>
   <gml:geometryProperty>
    <gml:LineString><gml:coordinates>-11019.537427,-51062.671923 -11002.841702,-50985.960149</gml:coordinates></gml:LineString>
   </gml:geometryProperty>
   <id>
    3450
   </id>
   <representativePoint>
    <gml:Point><gml:coordinates>-11019.537427,-51062.671923</gml:coordinates></gml:Point>
   </representativePoint>
   <nodeList>
    <beginId>
     9210
    </beginId>
    <endId>
     9299
    </endId>
   </nodeList>
   <roadWidth>
    3
   </roadWidth>
   <nLanes>
    1
   </nLanes>
   <direction>
    true
   </direction>
  </RoadLink>
 </gml:featureMember>
 <gml:featureMember>
  <RoadLink>
   <gml:geometryProperty>
    <gml:LineString><gml:coordinates>-10976.03744,-51126.480998 -11014.149696,-51181.162316</gml:coordinates></gml:LineString>
   </gml:geometryProperty>
   <id>
    2544
   </id>
   <representativePoint>
    <gml:Point><gml:coordinates>-10976.03744,-51126.480998</gml:coordinates></gml:Point>
   </representativePoint>
   <nodeList>
    <beginId>
     9430
    </beginId>
    <endId>
     9235
    </endId>
   </nodeList>
   <roadWidth>
    3
   </roadWidth>
   <nLanes>
    1
   </nLanes>
   <direction>
    true
   </direction>
  </RoadLink>
 </gml:featureMember>
 <gml:featureMember>
  <RoadLink>
   <gml:geometryProperty>
    <gml:LineString><gml:coordinates>-11170.500687,-51197.330304 -11146.237385,-51155.044973</gml:coordinates></gml:LineString>
   </gml:geometryProperty>
   <id>
    2572
   </id>
   <representativePoint>
    <gml:Point><gml:coordinates>-11170.500687,-51197.330304</gml:coordinates></gml:Point>
   </representativePoint>
   <nodeList>
    <beginId>
     8562
    </beginId>
    <endId>
     8660
    </endId>
   </nodeList>
   <roadWidth>
    3
   </roadWidth>
   <nLanes>
    1
   </nLanes>
   <direction>
    true
   </direction>
  </RoadLink>
 </gml:featureMember>
 <gml:featureMember>
  <RoadLink>
   <gml:geometryProperty>
    <gml:LineString><gml:coordinates>-11146.237385,-51155.044973 -11123.354247,-51109.936815</gml:coordinates></gml:LineString>
   </gml:geometryProperty>
   <id>
    2573
   </id>
   <representativePoint>
    <gml:Point><gml:coordinates>-11146.237385,-51155.044973</gml:coordinates></gml:Point>
   </representativePoint>
   <nodeList>
    <beginId>
     8660
    </beginId>
    <endId>
     8762
    </endId>
   </nodeList>
   <roadWidth>
    3
   </roadWidth>
   <nLanes>
    1
   </nLanes>
   <direction>
    true
   </direction>
  </RoadLink>
 </gml:featureMember>
 <gml:featureMember>
  <RoadLink>
   <gml:geometryProperty>
    <gml:LineString><gml:coordinates>-11123.354247,-51109.936815 -11106.707329,-51073.283974</gml:coordinates></gml:LineString>
   </gml:geometryProperty>
   <id>
    2574
   </id>
   <representativePoint>
    <gml:Point><gml:coordinates>-11123.354247,-51109.936815</gml:coordinates></gml:Point>
   </representativePoint>
   <nodeList>
    <beginId>
     8762
    </beginId>
    <endId>
     8842
    </endId>
   </nodeList>
   <roadWidth>
    3
   </roadWidth>
   <nLanes>
    1
   </nLanes>
   <direction>
    true
   </direction>
  </RoadLink>
 </gml:featureMember>
 <gml:featureMember>
  <RoadLink>
   <gml:geometryProperty>
    <gml:LineString><gml:coordinates>-11106.707329,-51073.283974 -11097.685547,-51049.598428</gml:coordinates></gml:LineString>
   </gml:geometryProperty>
   <id>
    2575
   </id>
   <representativePoint>
    <gml:Point><gml:coordinates>-11106.707329,-51073.283974</gml:coordinates></gml:Point>
   </representativePoint>
   <nodeList>
    <beginId>
     8842
    </beginId>
    <endId>
     8877
    </endId>
   </nodeList>
   <roadWidth>
    3
   </roadWidth>
   <nLanes>
    1
   </nLanes>
   <direction>
    true
   </direction>
  </RoadLink>
 </gml:featureMember>
 <gml:featureMember>
  <RoadLink>
   <gml:geometryProperty>
    <gml:LineString><gml:coordinates>-11097.685547,-51049.598428 -11091.441179,-51034.372552</gml:coordinates></gml:LineString>
   </gml:geometryProperty>
   <id>
    2576
   </id>
   <representativePoint>
    <gml:Point><gml:coordinates>-11097.685547,-51049.598428</gml:coordinates></gml:Point>
   </representativePoint>
   <nodeList>
    <beginId>
     8877
    </beginId>
    <endId>
     8900
    </endId>
   </nodeList>
   <roadWidth>
    3
   </roadWidth>
   <nLanes>
    1
   </nLanes>
   <direction>
    true
   </direction>
  </RoadLink>
 </gml:featureMember>
 <gml:featureMember>
  <RoadLink>
   <gml:geometryProperty>
    <gml:LineString><gml:coordinates>-11091.441179,-51034.372552 -11079.646321,-51005.612553</gml:coordinates></gml:LineString>
   </gml:geometryProperty>
   <id>
    2577
   </id>
   <representativePoint>
    <gml:Point><gml:coordinates>-11091.441179,-51034.372552</gml:coordinates></gml:Point>
   </representativePoint>
   <nodeList>
    <beginId>
     8900
    </beginId>
    <endId>
     8965
    </endId>
   </nodeList>
   <roadWidth>
    3
   </roadWidth>
   <nLanes>
    1
   </nLanes>
   <direction>
    true
   </direction>
  </RoadLink>
 </gml:featureMember>
 <gml:featureMember>
  <RoadLink>
   <gml:geometryProperty>
    <gml:LineString><gml:coordinates>-11079.646321,-51005.612553 -11065.765922,-50968.391992</gml:coordinates></gml:LineString>
   </gml:geometryProperty>
   <id>
    2578
   </id>
   <representativePoint>
    <gml:Point><gml:coordinates>-11079.646321,-51005.612553</gml:coordinates></gml:Point>
   </representativePoint>
   <nodeList>
    <beginId>
     8965
    </beginId>
    <endId>
     9027
    </endId>
   </nodeList>
   <roadWidth>
    3
   </roadWidth>
   <nLanes>
    1
   </nLanes>
   <direction>
    true
   </direction>
  </RoadLink>
 </gml:featureMember>
 <gml:featureMember>
  <RoadLink>
   <gml:geometryProperty>
    <gml:LineString><gml:coordinates>-11182.944049,-51191.108452 -11184.341628,-51202.390869</gml:coordinates></gml:LineString>
   </gml:geometryProperty>
   <id>
    19693
   </id>
   <representativePoint>
    <gml:Point><gml:coordinates>-11182.944049,-51191.108452</gml:coordinates></gml:Point>
   </representativePoint>
   <nodeList>
    <beginId>
     8515
    </beginId>
    <endId>
     8509
    </endId>
   </nodeList>
   <roadWidth>
    3
   </roadWidth>
   <nLanes>
    1
   </nLanes>
   <direction>
    true
   </direction>
  </RoadLink>
 </gml:featureMember>
 <gml:featureMember>
  <RoadLink>
   <gml:geometryProperty>
    <gml:LineString><gml:coordinates>-11178.713929,-51127.3582 -11182.944049,-51191.108452</gml:coordinates></gml:LineString>
   </gml:geometryProperty>
   <id>
    19692
   </id>
   <representativePoint>
    <gml:Point><gml:coordinates>-11178.713929,-51127.3582</gml:coordinates></gml:Point>
   </representativePoint>
   <nodeList>
    <beginId>
     8524
    </beginId>
    <endId>
     8515
    </endId>
   </nodeList>
   <roadWidth>
    3
   </roadWidth>
   <nLanes>
    1
   </nLanes>
   <direction>
    true
   </direction>
  </RoadLink>
 </gml:featureMember>
 <gml:featureMember>
  <RoadLink>
   <gml:geometryProperty>
    <gml:LineString><gml:coordinates>-11234.805981,-51176.938199 -11184.341628,-51202.390869</gml:coordinates></gml:LineString>
   </gml:geometryProperty>
   <id>
    19722
   </id>
   <representativePoint>
    <gml:Point><gml:coordinates>-11234.805981,-51176.938199</gml:coordinates></gml:Point>
   </representativePoint>
   <nodeList>
    <beginId>
     8286
    </beginId>
    <endId>
     8509
    </endId>
   </nodeList>
   <roadWidth>
    3
   </roadWidth>
   <nLanes>
    1
   </nLanes>
   <direction>
    true
   </direction>
  </RoadLink>
 </gml:featureMember>
 <gml:featureMember>
  <RoadLink>
   <gml:geometryProperty>
    <gml:LineString><gml:coordinates>-11169.522661,-50968.262913 -11173.749823,-51029.756353</gml:coordinates></gml:LineString>
   </gml:geometryProperty>
   <id>
    19689
   </id>
   <representativePoint>
    <gml:Point><gml:coordinates>-11169.522661,-50968.262913</gml:coordinates></gml:Point>
   </representativePoint>
   <nodeList>
    <beginId>
     8567
    </beginId>
    <endId>
     8544
    </endId>
   </nodeList>
   <roadWidth>
    3
   </roadWidth>
   <nLanes>
    1
   </nLanes>
   <direction>
    true
   </direction>
  </RoadLink>
 </gml:featureMember>
 <gml:featureMember>
  <RoadLink>
   <gml:geometryProperty>
    <gml:LineString><gml:coordinates>-11173.749823,-51029.756353 -11176.565376,-51068.683214</gml:coordinates></gml:LineString>
   </gml:geometryProperty>
   <id>
    19690
   </id>
   <representativePoint>
    <gml:Point><gml:coordinates>-11173.749823,-51029.756353</gml:coordinates></gml:Point>
   </representativePoint>
   <nodeList>
    <beginId>
     8544
    </beginId>
    <endId>
     8532
    </endId>
   </nodeList>
   <roadWidth>
    3
   </roadWidth>
   <nLanes>
    1
   </nLanes>
   <direction>
    true
   </direction>
  </RoadLink>
 </gml:featureMember>
 <gml:featureMember>
  <RoadLink>
   <gml:geometryProperty>
    <gml:LineString><gml:coordinates>-11176.565376,-51068.683214 -11178.713929,-51127.3582</gml:coordinates></gml:LineString>
   </gml:geometryProperty>
   <id>
    19691
   </id>
   <representativePoint>
    <gml:Point><gml:coordinates>-11176.565376,-51068.683214</gml:coordinates></gml:Point>
   </representativePoint>
   <nodeList>
    <beginId>
     8532
    </beginId>
    <endId>
     8524
    </endId>
   </nodeList>
   <roadWidth>
    3
   </roadWidth>
   <nLanes>
    1
   </nLanes>
   <direction>
    true
   </direction>
  </RoadLink>
 </gml:featureMember>
</FeatureCollection>
